Menu:
	r to find a route
	b to see a list of all buildings
	q to quit

Enter an option ('m' to see the menu): # Test the output when the user inputs unknown command
Unknown option

Enter an option ('m' to see the menu): 
Unknown option

Enter an option ('m' to see the menu): 
# Quit the test script