# Tests that a graph can be created, four nodes and
# edges from one node to the other three can be added, 
# and four nodes and three edges can be printed out.

# Create a graph
created graph TheLordOfTheRing2

# Add four nodes
added node Bilbo to TheLordOfTheRing2
added node Gandalf to TheLordOfTheRing2
added node Arwin to TheLordOfTheRing2
added node Samwise to TheLordOfTheRing2

# Add three edges from Bilbo to different children
added edge TheHobbit from Bilbo to Gandalf in TheLordOfTheRing2
added edge TheTwoTowers from Bilbo to Arwin in TheLordOfTheRing2
added edge TheTwoTowers from Bilbo to Samwise in TheLordOfTheRing2

# Print the nodes in the graph and the outgoing edges from Bilbo
TheLordOfTheRing2 contains: Arwin Bilbo Gandalf Samwise
the children of Bilbo in TheLordOfTheRing2 are: Arwin(TheTwoTowers) Gandalf(TheHobbit) Samwise(TheTwoTowers)